Archive member included to satisfy reference by file (symbol)

c:/arm_stm32f401/tools/arm gcc/bin/../lib/gcc/arm-none-eabi/5.4.1/armv7e-m\libgcc.a(unwind-arm.o)
                              ./src/MCAL/main.o (__aeabi_unwind_cpp_pr0)
c:/arm_stm32f401/tools/arm gcc/bin/../lib/gcc/arm-none-eabi/5.4.1/armv7e-m\libgcc.a(libunwind.o)
                              c:/arm_stm32f401/tools/arm gcc/bin/../lib/gcc/arm-none-eabi/5.4.1/armv7e-m\libgcc.a(unwind-arm.o) (restore_core_regs)
c:/arm_stm32f401/tools/arm gcc/bin/../lib/gcc/arm-none-eabi/5.4.1/armv7e-m\libgcc.a(pr-support.o)
                              c:/arm_stm32f401/tools/arm gcc/bin/../lib/gcc/arm-none-eabi/5.4.1/armv7e-m\libgcc.a(unwind-arm.o) (__gnu_unwind_execute)
c:/arm_stm32f401/tools/arm gcc/bin/../lib/gcc/arm-none-eabi/5.4.1/../../../../arm-none-eabi/lib/armv7e-m\libg_nano.a(lib_a-abort.o)
                              c:/arm_stm32f401/tools/arm gcc/bin/../lib/gcc/arm-none-eabi/5.4.1/armv7e-m\libgcc.a(unwind-arm.o) (abort)
c:/arm_stm32f401/tools/arm gcc/bin/../lib/gcc/arm-none-eabi/5.4.1/../../../../arm-none-eabi/lib/armv7e-m\libg_nano.a(lib_a-memcpy-stub.o)
                              c:/arm_stm32f401/tools/arm gcc/bin/../lib/gcc/arm-none-eabi/5.4.1/armv7e-m\libgcc.a(unwind-arm.o) (memcpy)
c:/arm_stm32f401/tools/arm gcc/bin/../lib/gcc/arm-none-eabi/5.4.1/../../../../arm-none-eabi/lib/armv7e-m\libg_nano.a(lib_a-signal.o)
                              c:/arm_stm32f401/tools/arm gcc/bin/../lib/gcc/arm-none-eabi/5.4.1/../../../../arm-none-eabi/lib/armv7e-m\libg_nano.a(lib_a-abort.o) (raise)
c:/arm_stm32f401/tools/arm gcc/bin/../lib/gcc/arm-none-eabi/5.4.1/../../../../arm-none-eabi/lib/armv7e-m\libg_nano.a(lib_a-signalr.o)
                              c:/arm_stm32f401/tools/arm gcc/bin/../lib/gcc/arm-none-eabi/5.4.1/../../../../arm-none-eabi/lib/armv7e-m\libg_nano.a(lib_a-signal.o) (_kill_r)
c:/arm_stm32f401/tools/arm gcc/bin/../lib/gcc/arm-none-eabi/5.4.1/../../../../arm-none-eabi/lib/armv7e-m\libg_nano.a(lib_a-impure.o)
                              c:/arm_stm32f401/tools/arm gcc/bin/../lib/gcc/arm-none-eabi/5.4.1/../../../../arm-none-eabi/lib/armv7e-m\libg_nano.a(lib_a-signal.o) (_impure_ptr)
c:/arm_stm32f401/tools/arm gcc/bin/../lib/gcc/arm-none-eabi/5.4.1/../../../../arm-none-eabi/lib/armv7e-m\libg_nano.a(lib_a-nano-mallocr.o)
                              c:/arm_stm32f401/tools/arm gcc/bin/../lib/gcc/arm-none-eabi/5.4.1/../../../../arm-none-eabi/lib/armv7e-m\libg_nano.a(lib_a-signal.o) (_malloc_r)
c:/arm_stm32f401/tools/arm gcc/bin/../lib/gcc/arm-none-eabi/5.4.1/../../../../arm-none-eabi/lib/armv7e-m\libg_nano.a(lib_a-reent.o)
                              c:/arm_stm32f401/tools/arm gcc/bin/../lib/gcc/arm-none-eabi/5.4.1/../../../../arm-none-eabi/lib/armv7e-m\libg_nano.a(lib_a-signalr.o) (errno)
c:/arm_stm32f401/tools/arm gcc/bin/../lib/gcc/arm-none-eabi/5.4.1/../../../../arm-none-eabi/lib/armv7e-m\libg_nano.a(lib_a-sbrkr.o)
                              c:/arm_stm32f401/tools/arm gcc/bin/../lib/gcc/arm-none-eabi/5.4.1/../../../../arm-none-eabi/lib/armv7e-m\libg_nano.a(lib_a-nano-mallocr.o) (_sbrk_r)
c:/arm_stm32f401/tools/arm gcc/bin/../lib/gcc/arm-none-eabi/5.4.1/../../../../arm-none-eabi/lib/armv7e-m\libg_nano.a(lib_a-mlock.o)
                              c:/arm_stm32f401/tools/arm gcc/bin/../lib/gcc/arm-none-eabi/5.4.1/../../../../arm-none-eabi/lib/armv7e-m\libg_nano.a(lib_a-nano-mallocr.o) (__malloc_lock)
c:/arm_stm32f401/tools/arm gcc/bin/../lib/gcc/arm-none-eabi/5.4.1/../../../../arm-none-eabi/lib/armv7e-m\libg_nano.a(lib_a-nano-freer.o)
                              c:/arm_stm32f401/tools/arm gcc/bin/../lib/gcc/arm-none-eabi/5.4.1/../../../../arm-none-eabi/lib/armv7e-m\libg_nano.a(lib_a-reent.o) (_free_r)

Allocating common symbols
Common symbol       size              file

errno               0x4               c:/arm_stm32f401/tools/arm gcc/bin/../lib/gcc/arm-none-eabi/5.4.1/../../../../arm-none-eabi/lib/armv7e-m\libg_nano.a(lib_a-reent.o)

Discarded input sections

 .group         0x00000000        0x8 ./src/MCAL/GPIO.o
 .group         0x00000000        0x8 ./src/MCAL/GPIO.o
 .text          0x00000000        0x0 ./src/MCAL/GPIO.o
 .data          0x00000000        0x0 ./src/MCAL/GPIO.o
 .bss           0x00000000        0x0 ./src/MCAL/GPIO.o
 .text._Z12GPIO_INITPINP6GPIO_t
                0x00000000      0x110 ./src/MCAL/GPIO.o
 .ARM.extab.text._Z12GPIO_INITPINP6GPIO_t
                0x00000000        0x0 ./src/MCAL/GPIO.o
 .ARM.exidx.text._Z12GPIO_INITPINP6GPIO_t
                0x00000000        0x8 ./src/MCAL/GPIO.o
 .text._Z17GPIO_SET_PINVALUEPvjj
                0x00000000       0x74 ./src/MCAL/GPIO.o
 .ARM.extab.text._Z17GPIO_SET_PINVALUEPvjj
                0x00000000        0x0 ./src/MCAL/GPIO.o
 .ARM.exidx.text._Z17GPIO_SET_PINVALUEPvjj
                0x00000000        0x8 ./src/MCAL/GPIO.o
 .text._Z17GPIO_GET_PINVALUEPvjPj
                0x00000000       0x5c ./src/MCAL/GPIO.o
 .ARM.extab.text._Z17GPIO_GET_PINVALUEPvjPj
                0x00000000        0x0 ./src/MCAL/GPIO.o
 .ARM.exidx.text._Z17GPIO_GET_PINVALUEPvjPj
                0x00000000        0x8 ./src/MCAL/GPIO.o
 .text._Z11GPIO_AF_CFGPvjj
                0x00000000       0x8c ./src/MCAL/GPIO.o
 .ARM.extab.text._Z11GPIO_AF_CFGPvjj
                0x00000000        0x0 ./src/MCAL/GPIO.o
 .ARM.exidx.text._Z11GPIO_AF_CFGPvjj
                0x00000000        0x8 ./src/MCAL/GPIO.o
 .debug_info    0x00000000      0x343 ./src/MCAL/GPIO.o
 .debug_abbrev  0x00000000       0xfd ./src/MCAL/GPIO.o
 .debug_loc     0x00000000      0x495 ./src/MCAL/GPIO.o
 .debug_aranges
                0x00000000       0x38 ./src/MCAL/GPIO.o
 .debug_ranges  0x00000000       0x28 ./src/MCAL/GPIO.o
 .debug_macro   0x00000000       0x68 ./src/MCAL/GPIO.o
 .debug_macro   0x00000000      0x8c8 ./src/MCAL/GPIO.o
 .debug_macro   0x00000000      0x18a ./src/MCAL/GPIO.o
 .debug_line    0x00000000      0x1de ./src/MCAL/GPIO.o
 .debug_str     0x00000000     0x3222 ./src/MCAL/GPIO.o
 .comment       0x00000000       0x6f ./src/MCAL/GPIO.o
 .debug_frame   0x00000000       0x6c ./src/MCAL/GPIO.o
 .ARM.attributes
                0x00000000       0x33 ./src/MCAL/GPIO.o
 .group         0x00000000        0x8 ./src/MCAL/NVIC.o
 .group         0x00000000        0x8 ./src/MCAL/NVIC.o
 .text          0x00000000        0x0 ./src/MCAL/NVIC.o
 .data          0x00000000        0x0 ./src/MCAL/NVIC.o
 .bss           0x00000000        0x0 ./src/MCAL/NVIC.o
 .text._Z19NVIC_CTRL_EnableIRQ6IRQn_t
                0x00000000       0x24 ./src/MCAL/NVIC.o
 .ARM.extab.text._Z19NVIC_CTRL_EnableIRQ6IRQn_t
                0x00000000        0x0 ./src/MCAL/NVIC.o
 .ARM.exidx.text._Z19NVIC_CTRL_EnableIRQ6IRQn_t
                0x00000000        0x8 ./src/MCAL/NVIC.o
 .text._Z19NVIC_CTR_DisableIRQ6IRQn_t
                0x00000000       0x24 ./src/MCAL/NVIC.o
 .ARM.extab.text._Z19NVIC_CTR_DisableIRQ6IRQn_t
                0x00000000        0x0 ./src/MCAL/NVIC.o
 .ARM.exidx.text._Z19NVIC_CTR_DisableIRQ6IRQn_t
                0x00000000        0x8 ./src/MCAL/NVIC.o
 .text._Z22NVIC_CTR_SetPendingIRQ6IRQn_t
                0x00000000       0x24 ./src/MCAL/NVIC.o
 .ARM.extab.text._Z22NVIC_CTR_SetPendingIRQ6IRQn_t
                0x00000000        0x0 ./src/MCAL/NVIC.o
 .ARM.exidx.text._Z22NVIC_CTR_SetPendingIRQ6IRQn_t
                0x00000000        0x8 ./src/MCAL/NVIC.o
 .text._Z24NVIC_CTR_ClearPendingIRQ6IRQn_t
                0x00000000       0x24 ./src/MCAL/NVIC.o
 .ARM.extab.text._Z24NVIC_CTR_ClearPendingIRQ6IRQn_t
                0x00000000        0x0 ./src/MCAL/NVIC.o
 .ARM.exidx.text._Z24NVIC_CTR_ClearPendingIRQ6IRQn_t
                0x00000000        0x8 ./src/MCAL/NVIC.o
 .text._Z20NVIC_GetActivestatus6IRQn_tPj
                0x00000000       0x30 ./src/MCAL/NVIC.o
 .ARM.extab.text._Z20NVIC_GetActivestatus6IRQn_tPj
                0x00000000        0x0 ./src/MCAL/NVIC.o
 .ARM.exidx.text._Z20NVIC_GetActivestatus6IRQn_tPj
                0x00000000        0x8 ./src/MCAL/NVIC.o
 .text._Z25NVIC_generate_SWInterrupt6IRQn_t
                0x00000000       0x18 ./src/MCAL/NVIC.o
 .ARM.extab.text._Z25NVIC_generate_SWInterrupt6IRQn_t
                0x00000000        0x0 ./src/MCAL/NVIC.o
 .ARM.exidx.text._Z25NVIC_generate_SWInterrupt6IRQn_t
                0x00000000        0x8 ./src/MCAL/NVIC.o
 .text._Z16NVIC_SetSubGroupj
                0x00000000       0x28 ./src/MCAL/NVIC.o
 .ARM.extab.text._Z16NVIC_SetSubGroupj
                0x00000000        0x0 ./src/MCAL/NVIC.o
 .ARM.exidx.text._Z16NVIC_SetSubGroupj
                0x00000000        0x8 ./src/MCAL/NVIC.o
 .text._Z16NVIC_SetPriority6IRQn_tjjj
                0x00000000       0x50 ./src/MCAL/NVIC.o
 .ARM.extab.text._Z16NVIC_SetPriority6IRQn_tjjj
                0x00000000        0x0 ./src/MCAL/NVIC.o
 .ARM.exidx.text._Z16NVIC_SetPriority6IRQn_tjjj
                0x00000000        0x8 ./src/MCAL/NVIC.o
 .debug_info    0x00000000      0x6fd ./src/MCAL/NVIC.o
 .debug_abbrev  0x00000000      0x149 ./src/MCAL/NVIC.o
 .debug_loc     0x00000000      0x5a4 ./src/MCAL/NVIC.o
 .debug_aranges
                0x00000000       0x58 ./src/MCAL/NVIC.o
 .debug_ranges  0x00000000       0x48 ./src/MCAL/NVIC.o
 .debug_macro   0x00000000       0x60 ./src/MCAL/NVIC.o
 .debug_macro   0x00000000      0x8c8 ./src/MCAL/NVIC.o
 .debug_macro   0x00000000       0x2e ./src/MCAL/NVIC.o
 .debug_line    0x00000000      0x156 ./src/MCAL/NVIC.o
 .debug_str     0x00000000     0x2ff4 ./src/MCAL/NVIC.o
 .comment       0x00000000       0x6f ./src/MCAL/NVIC.o
 .debug_frame   0x00000000       0xa4 ./src/MCAL/NVIC.o
 .ARM.attributes
                0x00000000       0x33 ./src/MCAL/NVIC.o
 .group         0x00000000        0x8 ./src/MCAL/RCC.o
 .group         0x00000000        0x8 ./src/MCAL/RCC.o
 .text          0x00000000        0x0 ./src/MCAL/RCC.o
 .data          0x00000000        0x0 ./src/MCAL/RCC.o
 .bss           0x00000000        0x0 ./src/MCAL/RCC.o
 .text._Z12RCC_Clock_ONj
                0x00000000       0xd8 ./src/MCAL/RCC.o
 .ARM.extab.text._Z12RCC_Clock_ONj
                0x00000000        0x0 ./src/MCAL/RCC.o
 .ARM.exidx.text._Z12RCC_Clock_ONj
                0x00000000        0x8 ./src/MCAL/RCC.o
 .text._Z13RCC_Clock_OFFj
                0x00000000       0x2c ./src/MCAL/RCC.o
 .ARM.extab.text._Z13RCC_Clock_OFFj
                0x00000000        0x0 ./src/MCAL/RCC.o
 .ARM.exidx.text._Z13RCC_Clock_OFFj
                0x00000000        0x8 ./src/MCAL/RCC.o
 .text._Z15RCC_SelectClockj
                0x00000000       0x1c ./src/MCAL/RCC.o
 .ARM.extab.text._Z15RCC_SelectClockj
                0x00000000        0x0 ./src/MCAL/RCC.o
 .ARM.exidx.text._Z15RCC_SelectClockj
                0x00000000        0x8 ./src/MCAL/RCC.o
 .text._Z19RCC_Select_PLLClockj
                0x00000000       0x1c ./src/MCAL/RCC.o
 .ARM.extab.text._Z19RCC_Select_PLLClockj
                0x00000000        0x0 ./src/MCAL/RCC.o
 .ARM.exidx.text._Z19RCC_Select_PLLClockj
                0x00000000        0x8 ./src/MCAL/RCC.o
 .text._Z16RCC_CFG_PLLClockjjjj
                0x00000000       0x64 ./src/MCAL/RCC.o
 .ARM.extab.text._Z16RCC_CFG_PLLClockjjjj
                0x00000000        0x0 ./src/MCAL/RCC.o
 .ARM.exidx.text._Z16RCC_CFG_PLLClockjjjj
                0x00000000        0x8 ./src/MCAL/RCC.o
 .text._Z14RCC_EnablePerijj
                0x00000000       0x44 ./src/MCAL/RCC.o
 .ARM.extab.text._Z14RCC_EnablePerijj
                0x00000000        0x0 ./src/MCAL/RCC.o
 .ARM.exidx.text._Z14RCC_EnablePerijj
                0x00000000        0x8 ./src/MCAL/RCC.o
 .text._Z15RCC_DisablePerijj
                0x00000000       0x4c ./src/MCAL/RCC.o
 .ARM.extab.text._Z15RCC_DisablePerijj
                0x00000000        0x0 ./src/MCAL/RCC.o
 .ARM.exidx.text._Z15RCC_DisablePerijj
                0x00000000        0x8 ./src/MCAL/RCC.o
 .text._Z21CFG_RCC_AHB_PRESCALERj
                0x00000000       0x38 ./src/MCAL/RCC.o
 .ARM.extab.text._Z21CFG_RCC_AHB_PRESCALERj
                0x00000000        0x0 ./src/MCAL/RCC.o
 .ARM.exidx.text._Z21CFG_RCC_AHB_PRESCALERj
                0x00000000        0x8 ./src/MCAL/RCC.o
 .text._Z22CFG_RCC_APB1_PRESCALERj
                0x00000000       0x30 ./src/MCAL/RCC.o
 .ARM.extab.text._Z22CFG_RCC_APB1_PRESCALERj
                0x00000000        0x0 ./src/MCAL/RCC.o
 .ARM.exidx.text._Z22CFG_RCC_APB1_PRESCALERj
                0x00000000        0x8 ./src/MCAL/RCC.o
 .text._Z22CFG_RCC_APB2_PRESCALERj
                0x00000000       0x30 ./src/MCAL/RCC.o
 .ARM.extab.text._Z22CFG_RCC_APB2_PRESCALERj
                0x00000000        0x0 ./src/MCAL/RCC.o
 .ARM.exidx.text._Z22CFG_RCC_APB2_PRESCALERj
                0x00000000        0x8 ./src/MCAL/RCC.o
 .debug_info    0x00000000      0x57c ./src/MCAL/RCC.o
 .debug_abbrev  0x00000000      0x124 ./src/MCAL/RCC.o
 .debug_loc     0x00000000      0x84a ./src/MCAL/RCC.o
 .debug_aranges
                0x00000000       0x68 ./src/MCAL/RCC.o
 .debug_ranges  0x00000000       0x70 ./src/MCAL/RCC.o
 .debug_macro   0x00000000       0x7a ./src/MCAL/RCC.o
 .debug_macro   0x00000000      0x8c8 ./src/MCAL/RCC.o
 .debug_macro   0x00000000      0x190 ./src/MCAL/RCC.o
 .debug_line    0x00000000      0x254 ./src/MCAL/RCC.o
 .debug_str     0x00000000     0x3227 ./src/MCAL/RCC.o
 .comment       0x00000000       0x6f ./src/MCAL/RCC.o
 .debug_frame   0x00000000       0xbc ./src/MCAL/RCC.o
 .ARM.attributes
                0x00000000       0x33 ./src/MCAL/RCC.o
 .group         0x00000000        0x8 ./src/MCAL/main.o
 .group         0x00000000        0x8 ./src/MCAL/main.o
 .group         0x00000000        0x8 ./src/MCAL/main.o
 .group         0x00000000        0x8 ./src/MCAL/main.o
 .group         0x00000000        0x8 ./src/MCAL/main.o
 .group         0x00000000        0x8 ./src/MCAL/main.o
 .group         0x00000000        0x8 ./src/MCAL/main.o
 .group         0x00000000        0x8 ./src/MCAL/main.o
 .group         0x00000000        0x8 ./src/MCAL/main.o
 .group         0x00000000        0x8 ./src/MCAL/main.o
 .group         0x00000000        0x8 ./src/MCAL/main.o
 .group         0x00000000        0x8 ./src/MCAL/main.o
 .group         0x00000000        0x8 ./src/MCAL/main.o
 .group         0x00000000        0x8 ./src/MCAL/main.o
 .group         0x00000000        0x8 ./src/MCAL/main.o
 .group         0x00000000        0x8 ./src/MCAL/main.o
 .group         0x00000000        0x8 ./src/MCAL/main.o
 .group         0x00000000        0x8 ./src/MCAL/main.o
 .group         0x00000000        0x8 ./src/MCAL/main.o
 .group         0x00000000        0x8 ./src/MCAL/main.o
 .group         0x00000000        0x8 ./src/MCAL/main.o
 .group         0x00000000        0x8 ./src/MCAL/main.o
 .group         0x00000000        0x8 ./src/MCAL/main.o
 .group         0x00000000        0x8 ./src/MCAL/main.o
 .group         0x00000000        0x8 ./src/MCAL/main.o
 .group         0x00000000        0x8 ./src/MCAL/main.o
 .group         0x00000000        0x8 ./src/MCAL/main.o
 .group         0x00000000        0x8 ./src/MCAL/main.o
 .group         0x00000000        0x8 ./src/MCAL/main.o
 .group         0x00000000        0x8 ./src/MCAL/main.o
 .group         0x00000000        0x8 ./src/MCAL/main.o
 .group         0x00000000        0x8 ./src/MCAL/main.o
 .group         0x00000000        0x8 ./src/MCAL/main.o
 .group         0x00000000        0x8 ./src/MCAL/main.o
 .text          0x00000000        0x0 ./src/MCAL/main.o
 .data          0x00000000        0x0 ./src/MCAL/main.o
 .bss           0x00000000        0x0 ./src/MCAL/main.o
 .text.main     0x00000000       0x3c ./src/MCAL/main.o
 .ARM.extab.text.main
                0x00000000        0x0 ./src/MCAL/main.o
 .ARM.exidx.text.main
                0x00000000        0x8 ./src/MCAL/main.o
 .debug_info    0x00000000      0x305 ./src/MCAL/main.o
 .debug_abbrev  0x00000000       0xa8 ./src/MCAL/main.o
 .debug_aranges
                0x00000000       0x20 ./src/MCAL/main.o
 .debug_ranges  0x00000000       0x10 ./src/MCAL/main.o
 .debug_macro   0x00000000      0x1f0 ./src/MCAL/main.o
 .debug_macro   0x00000000      0x8c8 ./src/MCAL/main.o
 .debug_macro   0x00000000       0x22 ./src/MCAL/main.o
 .debug_macro   0x00000000       0x4c ./src/MCAL/main.o
 .debug_macro   0x00000000       0x8d ./src/MCAL/main.o
 .debug_macro   0x00000000       0x35 ./src/MCAL/main.o
 .debug_macro   0x00000000       0x9c ./src/MCAL/main.o
 .debug_macro   0x00000000       0x16 ./src/MCAL/main.o
 .debug_macro   0x00000000       0x4a ./src/MCAL/main.o
 .debug_macro   0x00000000       0x90 ./src/MCAL/main.o
 .debug_macro   0x00000000      0x330 ./src/MCAL/main.o
 .debug_macro   0x00000000       0xef ./src/MCAL/main.o
 .debug_macro   0x00000000       0x10 ./src/MCAL/main.o
 .debug_macro   0x00000000       0x52 ./src/MCAL/main.o
 .debug_macro   0x00000000       0x1f ./src/MCAL/main.o
 .debug_macro   0x00000000       0x3c ./src/MCAL/main.o
 .debug_macro   0x00000000       0x20 ./src/MCAL/main.o
 .debug_macro   0x00000000      0x187 ./src/MCAL/main.o
 .debug_macro   0x00000000       0x10 ./src/MCAL/main.o
 .debug_macro   0x00000000       0x5e ./src/MCAL/main.o
 .debug_macro   0x00000000       0x1c ./src/MCAL/main.o
 .debug_macro   0x00000000       0x52 ./src/MCAL/main.o
 .debug_macro   0x00000000       0x40 ./src/MCAL/main.o
 .debug_macro   0x00000000       0x10 ./src/MCAL/main.o
 .debug_macro   0x00000000       0x40 ./src/MCAL/main.o
 .debug_macro   0x00000000       0xd7 ./src/MCAL/main.o
 .debug_macro   0x00000000       0x16 ./src/MCAL/main.o
 .debug_macro   0x00000000      0x18b ./src/MCAL/main.o
 .debug_macro   0x00000000       0x16 ./src/MCAL/main.o
 .debug_macro   0x00000000       0x2e ./src/MCAL/main.o
 .debug_macro   0x00000000       0x16 ./src/MCAL/main.o
 .debug_macro   0x00000000       0x29 ./src/MCAL/main.o
 .debug_macro   0x00000000       0x16 ./src/MCAL/main.o
 .debug_macro   0x00000000      0x513 ./src/MCAL/main.o
 .debug_macro   0x00000000       0x2e ./src/MCAL/main.o
 .debug_line    0x00000000      0x32e ./src/MCAL/main.o
 .debug_str     0x00000000     0x7e0c ./src/MCAL/main.o
 .comment       0x00000000       0x6f ./src/MCAL/main.o
 .debug_frame   0x00000000       0x28 ./src/MCAL/main.o
 .ARM.attributes
                0x00000000       0x33 ./src/MCAL/main.o
 .group         0x00000000        0x8 ./src/HAL/LED.o
 .group         0x00000000        0x8 ./src/HAL/LED.o
 .group         0x00000000        0x8 ./src/HAL/LED.o
 .text          0x00000000        0x0 ./src/HAL/LED.o
 .data          0x00000000        0x0 ./src/HAL/LED.o
 .bss           0x00000000        0x0 ./src/HAL/LED.o
 .text.LED_Init
                0x00000000       0x48 ./src/HAL/LED.o
 .text.LED_SetState
                0x00000000       0x2c ./src/HAL/LED.o
 .debug_info    0x00000000      0x22e ./src/HAL/LED.o
 .debug_abbrev  0x00000000      0x13b ./src/HAL/LED.o
 .debug_loc     0x00000000       0xe9 ./src/HAL/LED.o
 .debug_aranges
                0x00000000       0x28 ./src/HAL/LED.o
 .debug_ranges  0x00000000       0x18 ./src/HAL/LED.o
 .debug_macro   0x00000000       0x33 ./src/HAL/LED.o
 .debug_macro   0x00000000      0x898 ./src/HAL/LED.o
 .debug_macro   0x00000000       0x1c ./src/HAL/LED.o
 .debug_macro   0x00000000      0x18a ./src/HAL/LED.o
 .debug_line    0x00000000       0xfc ./src/HAL/LED.o
 .debug_str     0x00000000     0x2d1b ./src/HAL/LED.o
 .comment       0x00000000       0x6f ./src/HAL/LED.o
 .debug_frame   0x00000000       0x4c ./src/HAL/LED.o
 .ARM.attributes
                0x00000000       0x33 ./src/HAL/LED.o
 .group         0x00000000        0x8 ./src/HAL/LED_CFG.o
 .group         0x00000000        0x8 ./src/HAL/LED_CFG.o
 .group         0x00000000        0x8 ./src/HAL/LED_CFG.o
 .text          0x00000000        0x0 ./src/HAL/LED_CFG.o
 .data          0x00000000        0x0 ./src/HAL/LED_CFG.o
 .bss           0x00000000        0x0 ./src/HAL/LED_CFG.o
 .rodata.LEDS   0x00000000       0x20 ./src/HAL/LED_CFG.o
 .debug_info    0x00000000       0xdc ./src/HAL/LED_CFG.o
 .debug_abbrev  0x00000000       0xac ./src/HAL/LED_CFG.o
 .debug_aranges
                0x00000000       0x18 ./src/HAL/LED_CFG.o
 .debug_macro   0x00000000       0x37 ./src/HAL/LED_CFG.o
 .debug_macro   0x00000000      0x898 ./src/HAL/LED_CFG.o
 .debug_macro   0x00000000       0x1c ./src/HAL/LED_CFG.o
 .debug_macro   0x00000000      0x18a ./src/HAL/LED_CFG.o
 .debug_line    0x00000000       0xb8 ./src/HAL/LED_CFG.o
 .debug_str     0x00000000     0x2c3a ./src/HAL/LED_CFG.o
 .comment       0x00000000       0x6f ./src/HAL/LED_CFG.o
 .ARM.attributes
                0x00000000       0x33 ./src/HAL/LED_CFG.o
 .group         0x00000000        0x8 ./src/HAL/SWITCH.o
 .group         0x00000000        0x8 ./src/HAL/SWITCH.o
 .group         0x00000000        0x8 ./src/HAL/SWITCH.o
 .text          0x00000000        0x0 ./src/HAL/SWITCH.o
 .data          0x00000000        0x0 ./src/HAL/SWITCH.o
 .bss           0x00000000        0x0 ./src/HAL/SWITCH.o
 .text.SWITCH_Init
                0x00000000       0x50 ./src/HAL/SWITCH.o
 .text.SWITCH_GETState
                0x00000000       0x48 ./src/HAL/SWITCH.o
 .debug_info    0x00000000      0x243 ./src/HAL/SWITCH.o
 .debug_abbrev  0x00000000      0x144 ./src/HAL/SWITCH.o
 .debug_loc     0x00000000       0xfc ./src/HAL/SWITCH.o
 .debug_aranges
                0x00000000       0x28 ./src/HAL/SWITCH.o
 .debug_ranges  0x00000000       0x18 ./src/HAL/SWITCH.o
 .debug_macro   0x00000000       0x39 ./src/HAL/SWITCH.o
 .debug_macro   0x00000000      0x898 ./src/HAL/SWITCH.o
 .debug_macro   0x00000000       0x22 ./src/HAL/SWITCH.o
 .debug_macro   0x00000000      0x18a ./src/HAL/SWITCH.o
 .debug_line    0x00000000      0x10a ./src/HAL/SWITCH.o
 .debug_str     0x00000000     0x2d7c ./src/HAL/SWITCH.o
 .comment       0x00000000       0x6f ./src/HAL/SWITCH.o
 .debug_frame   0x00000000       0x54 ./src/HAL/SWITCH.o
 .ARM.attributes
                0x00000000       0x33 ./src/HAL/SWITCH.o
 .group         0x00000000        0x8 ./src/HAL/SWITCH_CFG.o
 .group         0x00000000        0x8 ./src/HAL/SWITCH_CFG.o
 .group         0x00000000        0x8 ./src/HAL/SWITCH_CFG.o
 .text          0x00000000        0x0 ./src/HAL/SWITCH_CFG.o
 .data          0x00000000        0x0 ./src/HAL/SWITCH_CFG.o
 .bss           0x00000000        0x0 ./src/HAL/SWITCH_CFG.o
 .rodata.SWITCHES
                0x00000000       0x18 ./src/HAL/SWITCH_CFG.o
 .debug_info    0x00000000       0xc6 ./src/HAL/SWITCH_CFG.o
 .debug_abbrev  0x00000000       0xac ./src/HAL/SWITCH_CFG.o
 .debug_aranges
                0x00000000       0x18 ./src/HAL/SWITCH_CFG.o
 .debug_macro   0x00000000       0x37 ./src/HAL/SWITCH_CFG.o
 .debug_macro   0x00000000      0x898 ./src/HAL/SWITCH_CFG.o
 .debug_macro   0x00000000      0x18a ./src/HAL/SWITCH_CFG.o
 .debug_macro   0x00000000       0x22 ./src/HAL/SWITCH_CFG.o
 .debug_line    0x00000000       0xc1 ./src/HAL/SWITCH_CFG.o
 .debug_str     0x00000000     0x2c63 ./src/HAL/SWITCH_CFG.o
 .comment       0x00000000       0x6f ./src/HAL/SWITCH_CFG.o
 .ARM.attributes
                0x00000000       0x33 ./src/HAL/SWITCH_CFG.o
 .text          0x00000000      0x9dc c:/arm_stm32f401/tools/arm gcc/bin/../lib/gcc/arm-none-eabi/5.4.1/armv7e-m\libgcc.a(unwind-arm.o)
 .data          0x00000000        0x0 c:/arm_stm32f401/tools/arm gcc/bin/../lib/gcc/arm-none-eabi/5.4.1/armv7e-m\libgcc.a(unwind-arm.o)
 .bss           0x00000000        0x0 c:/arm_stm32f401/tools/arm gcc/bin/../lib/gcc/arm-none-eabi/5.4.1/armv7e-m\libgcc.a(unwind-arm.o)
 .ARM.extab     0x00000000        0x0 c:/arm_stm32f401/tools/arm gcc/bin/../lib/gcc/arm-none-eabi/5.4.1/armv7e-m\libgcc.a(unwind-arm.o)
 .ARM.exidx     0x00000000       0xd8 c:/arm_stm32f401/tools/arm gcc/bin/../lib/gcc/arm-none-eabi/5.4.1/armv7e-m\libgcc.a(unwind-arm.o)
 .debug_frame   0x00000000      0x2f4 c:/arm_stm32f401/tools/arm gcc/bin/../lib/gcc/arm-none-eabi/5.4.1/armv7e-m\libgcc.a(unwind-arm.o)
 .ARM.attributes
                0x00000000       0x2e c:/arm_stm32f401/tools/arm gcc/bin/../lib/gcc/arm-none-eabi/5.4.1/armv7e-m\libgcc.a(unwind-arm.o)
 .text          0x00000000      0x1ac c:/arm_stm32f401/tools/arm gcc/bin/../lib/gcc/arm-none-eabi/5.4.1/armv7e-m\libgcc.a(libunwind.o)
 .data          0x00000000        0x0 c:/arm_stm32f401/tools/arm gcc/bin/../lib/gcc/arm-none-eabi/5.4.1/armv7e-m\libgcc.a(libunwind.o)
 .bss           0x00000000        0x0 c:/arm_stm32f401/tools/arm gcc/bin/../lib/gcc/arm-none-eabi/5.4.1/armv7e-m\libgcc.a(libunwind.o)
 .ARM.attributes
                0x00000000       0x1e c:/arm_stm32f401/tools/arm gcc/bin/../lib/gcc/arm-none-eabi/5.4.1/armv7e-m\libgcc.a(libunwind.o)
 .text          0x00000000      0x354 c:/arm_stm32f401/tools/arm gcc/bin/../lib/gcc/arm-none-eabi/5.4.1/armv7e-m\libgcc.a(pr-support.o)
 .data          0x00000000        0x0 c:/arm_stm32f401/tools/arm gcc/bin/../lib/gcc/arm-none-eabi/5.4.1/armv7e-m\libgcc.a(pr-support.o)
 .bss           0x00000000        0x0 c:/arm_stm32f401/tools/arm gcc/bin/../lib/gcc/arm-none-eabi/5.4.1/armv7e-m\libgcc.a(pr-support.o)
 .ARM.extab     0x00000000       0x18 c:/arm_stm32f401/tools/arm gcc/bin/../lib/gcc/arm-none-eabi/5.4.1/armv7e-m\libgcc.a(pr-support.o)
 .ARM.exidx     0x00000000       0x48 c:/arm_stm32f401/tools/arm gcc/bin/../lib/gcc/arm-none-eabi/5.4.1/armv7e-m\libgcc.a(pr-support.o)
 .debug_frame   0x00000000      0x104 c:/arm_stm32f401/tools/arm gcc/bin/../lib/gcc/arm-none-eabi/5.4.1/armv7e-m\libgcc.a(pr-support.o)
 .ARM.attributes
                0x00000000       0x2e c:/arm_stm32f401/tools/arm gcc/bin/../lib/gcc/arm-none-eabi/5.4.1/armv7e-m\libgcc.a(pr-support.o)
 .text          0x00000000        0x0 c:/arm_stm32f401/tools/arm gcc/bin/../lib/gcc/arm-none-eabi/5.4.1/../../../../arm-none-eabi/lib/armv7e-m\libg_nano.a(lib_a-abort.o)
 .data          0x00000000        0x0 c:/arm_stm32f401/tools/arm gcc/bin/../lib/gcc/arm-none-eabi/5.4.1/../../../../arm-none-eabi/lib/armv7e-m\libg_nano.a(lib_a-abort.o)
 .bss           0x00000000        0x0 c:/arm_stm32f401/tools/arm gcc/bin/../lib/gcc/arm-none-eabi/5.4.1/../../../../arm-none-eabi/lib/armv7e-m\libg_nano.a(lib_a-abort.o)
 .text.abort    0x00000000        0xe c:/arm_stm32f401/tools/arm gcc/bin/../lib/gcc/arm-none-eabi/5.4.1/../../../../arm-none-eabi/lib/armv7e-m\libg_nano.a(lib_a-abort.o)
 .debug_frame   0x00000000       0x28 c:/arm_stm32f401/tools/arm gcc/bin/../lib/gcc/arm-none-eabi/5.4.1/../../../../arm-none-eabi/lib/armv7e-m\libg_nano.a(lib_a-abort.o)
 .ARM.attributes
                0x00000000       0x2e c:/arm_stm32f401/tools/arm gcc/bin/../lib/gcc/arm-none-eabi/5.4.1/../../../../arm-none-eabi/lib/armv7e-m\libg_nano.a(lib_a-abort.o)
 .text          0x00000000        0x0 c:/arm_stm32f401/tools/arm gcc/bin/../lib/gcc/arm-none-eabi/5.4.1/../../../../arm-none-eabi/lib/armv7e-m\libg_nano.a(lib_a-memcpy-stub.o)
 .data          0x00000000        0x0 c:/arm_stm32f401/tools/arm gcc/bin/../lib/gcc/arm-none-eabi/5.4.1/../../../../arm-none-eabi/lib/armv7e-m\libg_nano.a(lib_a-memcpy-stub.o)
 .bss           0x00000000        0x0 c:/arm_stm32f401/tools/arm gcc/bin/../lib/gcc/arm-none-eabi/5.4.1/../../../../arm-none-eabi/lib/armv7e-m\libg_nano.a(lib_a-memcpy-stub.o)
 .text.memcpy   0x00000000       0x16 c:/arm_stm32f401/tools/arm gcc/bin/../lib/gcc/arm-none-eabi/5.4.1/../../../../arm-none-eabi/lib/armv7e-m\libg_nano.a(lib_a-memcpy-stub.o)
 .debug_frame   0x00000000       0x28 c:/arm_stm32f401/tools/arm gcc/bin/../lib/gcc/arm-none-eabi/5.4.1/../../../../arm-none-eabi/lib/armv7e-m\libg_nano.a(lib_a-memcpy-stub.o)
 .ARM.attributes
                0x00000000       0x2e c:/arm_stm32f401/tools/arm gcc/bin/../lib/gcc/arm-none-eabi/5.4.1/../../../../arm-none-eabi/lib/armv7e-m\libg_nano.a(lib_a-memcpy-stub.o)
 .text          0x00000000        0x0 c:/arm_stm32f401/tools/arm gcc/bin/../lib/gcc/arm-none-eabi/5.4.1/../../../../arm-none-eabi/lib/armv7e-m\libg_nano.a(lib_a-signal.o)
 .data          0x00000000        0x0 c:/arm_stm32f401/tools/arm gcc/bin/../lib/gcc/arm-none-eabi/5.4.1/../../../../arm-none-eabi/lib/armv7e-m\libg_nano.a(lib_a-signal.o)
 .bss           0x00000000        0x0 c:/arm_stm32f401/tools/arm gcc/bin/../lib/gcc/arm-none-eabi/5.4.1/../../../../arm-none-eabi/lib/armv7e-m\libg_nano.a(lib_a-signal.o)
 .text._init_signal_r
                0x00000000       0x2c c:/arm_stm32f401/tools/arm gcc/bin/../lib/gcc/arm-none-eabi/5.4.1/../../../../arm-none-eabi/lib/armv7e-m\libg_nano.a(lib_a-signal.o)
 .text._signal_r
                0x00000000       0x30 c:/arm_stm32f401/tools/arm gcc/bin/../lib/gcc/arm-none-eabi/5.4.1/../../../../arm-none-eabi/lib/armv7e-m\libg_nano.a(lib_a-signal.o)
 .text._raise_r
                0x00000000       0x54 c:/arm_stm32f401/tools/arm gcc/bin/../lib/gcc/arm-none-eabi/5.4.1/../../../../arm-none-eabi/lib/armv7e-m\libg_nano.a(lib_a-signal.o)
 .text.__sigtramp_r
                0x00000000       0x4a c:/arm_stm32f401/tools/arm gcc/bin/../lib/gcc/arm-none-eabi/5.4.1/../../../../arm-none-eabi/lib/armv7e-m\libg_nano.a(lib_a-signal.o)
 .text.raise    0x00000000       0x10 c:/arm_stm32f401/tools/arm gcc/bin/../lib/gcc/arm-none-eabi/5.4.1/../../../../arm-none-eabi/lib/armv7e-m\libg_nano.a(lib_a-signal.o)
 .text.signal   0x00000000       0x10 c:/arm_stm32f401/tools/arm gcc/bin/../lib/gcc/arm-none-eabi/5.4.1/../../../../arm-none-eabi/lib/armv7e-m\libg_nano.a(lib_a-signal.o)
 .text._init_signal
                0x00000000        0xc c:/arm_stm32f401/tools/arm gcc/bin/../lib/gcc/arm-none-eabi/5.4.1/../../../../arm-none-eabi/lib/armv7e-m\libg_nano.a(lib_a-signal.o)
 .text.__sigtramp
                0x00000000       0x10 c:/arm_stm32f401/tools/arm gcc/bin/../lib/gcc/arm-none-eabi/5.4.1/../../../../arm-none-eabi/lib/armv7e-m\libg_nano.a(lib_a-signal.o)
 .debug_frame   0x00000000       0xcc c:/arm_stm32f401/tools/arm gcc/bin/../lib/gcc/arm-none-eabi/5.4.1/../../../../arm-none-eabi/lib/armv7e-m\libg_nano.a(lib_a-signal.o)
 .ARM.attributes
                0x00000000       0x2e c:/arm_stm32f401/tools/arm gcc/bin/../lib/gcc/arm-none-eabi/5.4.1/../../../../arm-none-eabi/lib/armv7e-m\libg_nano.a(lib_a-signal.o)
 .text          0x00000000        0x0 c:/arm_stm32f401/tools/arm gcc/bin/../lib/gcc/arm-none-eabi/5.4.1/../../../../arm-none-eabi/lib/armv7e-m\libg_nano.a(lib_a-signalr.o)
 .data          0x00000000        0x0 c:/arm_stm32f401/tools/arm gcc/bin/../lib/gcc/arm-none-eabi/5.4.1/../../../../arm-none-eabi/lib/armv7e-m\libg_nano.a(lib_a-signalr.o)
 .bss           0x00000000        0x0 c:/arm_stm32f401/tools/arm gcc/bin/../lib/gcc/arm-none-eabi/5.4.1/../../../../arm-none-eabi/lib/armv7e-m\libg_nano.a(lib_a-signalr.o)
 .text._kill_r  0x00000000       0x24 c:/arm_stm32f401/tools/arm gcc/bin/../lib/gcc/arm-none-eabi/5.4.1/../../../../arm-none-eabi/lib/armv7e-m\libg_nano.a(lib_a-signalr.o)
 .text._getpid_r
                0x00000000        0x4 c:/arm_stm32f401/tools/arm gcc/bin/../lib/gcc/arm-none-eabi/5.4.1/../../../../arm-none-eabi/lib/armv7e-m\libg_nano.a(lib_a-signalr.o)
 .debug_frame   0x00000000       0x3c c:/arm_stm32f401/tools/arm gcc/bin/../lib/gcc/arm-none-eabi/5.4.1/../../../../arm-none-eabi/lib/armv7e-m\libg_nano.a(lib_a-signalr.o)
 .ARM.attributes
                0x00000000       0x2e c:/arm_stm32f401/tools/arm gcc/bin/../lib/gcc/arm-none-eabi/5.4.1/../../../../arm-none-eabi/lib/armv7e-m\libg_nano.a(lib_a-signalr.o)
 .text          0x00000000        0x0 c:/arm_stm32f401/tools/arm gcc/bin/../lib/gcc/arm-none-eabi/5.4.1/../../../../arm-none-eabi/lib/armv7e-m\libg_nano.a(lib_a-impure.o)
 .data          0x00000000        0x0 c:/arm_stm32f401/tools/arm gcc/bin/../lib/gcc/arm-none-eabi/5.4.1/../../../../arm-none-eabi/lib/armv7e-m\libg_nano.a(lib_a-impure.o)
 .bss           0x00000000        0x0 c:/arm_stm32f401/tools/arm gcc/bin/../lib/gcc/arm-none-eabi/5.4.1/../../../../arm-none-eabi/lib/armv7e-m\libg_nano.a(lib_a-impure.o)
 .data.impure_data
                0x00000000       0x60 c:/arm_stm32f401/tools/arm gcc/bin/../lib/gcc/arm-none-eabi/5.4.1/../../../../arm-none-eabi/lib/armv7e-m\libg_nano.a(lib_a-impure.o)
 .data._impure_ptr
                0x00000000        0x4 c:/arm_stm32f401/tools/arm gcc/bin/../lib/gcc/arm-none-eabi/5.4.1/../../../../arm-none-eabi/lib/armv7e-m\libg_nano.a(lib_a-impure.o)
 .rodata._global_impure_ptr
                0x00000000        0x4 c:/arm_stm32f401/tools/arm gcc/bin/../lib/gcc/arm-none-eabi/5.4.1/../../../../arm-none-eabi/lib/armv7e-m\libg_nano.a(lib_a-impure.o)
 .ARM.attributes
                0x00000000       0x2e c:/arm_stm32f401/tools/arm gcc/bin/../lib/gcc/arm-none-eabi/5.4.1/../../../../arm-none-eabi/lib/armv7e-m\libg_nano.a(lib_a-impure.o)
 .text          0x00000000        0x0 c:/arm_stm32f401/tools/arm gcc/bin/../lib/gcc/arm-none-eabi/5.4.1/../../../../arm-none-eabi/lib/armv7e-m\libg_nano.a(lib_a-nano-mallocr.o)
 .data          0x00000000        0x0 c:/arm_stm32f401/tools/arm gcc/bin/../lib/gcc/arm-none-eabi/5.4.1/../../../../arm-none-eabi/lib/armv7e-m\libg_nano.a(lib_a-nano-mallocr.o)
 .bss           0x00000000        0x0 c:/arm_stm32f401/tools/arm gcc/bin/../lib/gcc/arm-none-eabi/5.4.1/../../../../arm-none-eabi/lib/armv7e-m\libg_nano.a(lib_a-nano-mallocr.o)
 .text._malloc_r
                0x00000000       0xbc c:/arm_stm32f401/tools/arm gcc/bin/../lib/gcc/arm-none-eabi/5.4.1/../../../../arm-none-eabi/lib/armv7e-m\libg_nano.a(lib_a-nano-mallocr.o)
 .bss.__malloc_sbrk_start
                0x00000000        0x4 c:/arm_stm32f401/tools/arm gcc/bin/../lib/gcc/arm-none-eabi/5.4.1/../../../../arm-none-eabi/lib/armv7e-m\libg_nano.a(lib_a-nano-mallocr.o)
 .bss.__malloc_free_list
                0x00000000        0x4 c:/arm_stm32f401/tools/arm gcc/bin/../lib/gcc/arm-none-eabi/5.4.1/../../../../arm-none-eabi/lib/armv7e-m\libg_nano.a(lib_a-nano-mallocr.o)
 .debug_frame   0x00000000       0x2c c:/arm_stm32f401/tools/arm gcc/bin/../lib/gcc/arm-none-eabi/5.4.1/../../../../arm-none-eabi/lib/armv7e-m\libg_nano.a(lib_a-nano-mallocr.o)
 .ARM.attributes
                0x00000000       0x2e c:/arm_stm32f401/tools/arm gcc/bin/../lib/gcc/arm-none-eabi/5.4.1/../../../../arm-none-eabi/lib/armv7e-m\libg_nano.a(lib_a-nano-mallocr.o)
 .text          0x00000000        0x0 c:/arm_stm32f401/tools/arm gcc/bin/../lib/gcc/arm-none-eabi/5.4.1/../../../../arm-none-eabi/lib/armv7e-m\libg_nano.a(lib_a-reent.o)
 .data          0x00000000        0x0 c:/arm_stm32f401/tools/arm gcc/bin/../lib/gcc/arm-none-eabi/5.4.1/../../../../arm-none-eabi/lib/armv7e-m\libg_nano.a(lib_a-reent.o)
 .bss           0x00000000        0x0 c:/arm_stm32f401/tools/arm gcc/bin/../lib/gcc/arm-none-eabi/5.4.1/../../../../arm-none-eabi/lib/armv7e-m\libg_nano.a(lib_a-reent.o)
 .text.cleanup_glue
                0x00000000       0x1a c:/arm_stm32f401/tools/arm gcc/bin/../lib/gcc/arm-none-eabi/5.4.1/../../../../arm-none-eabi/lib/armv7e-m\libg_nano.a(lib_a-reent.o)
 .text._reclaim_reent
                0x00000000       0xb4 c:/arm_stm32f401/tools/arm gcc/bin/../lib/gcc/arm-none-eabi/5.4.1/../../../../arm-none-eabi/lib/armv7e-m\libg_nano.a(lib_a-reent.o)
 .debug_frame   0x00000000       0x5c c:/arm_stm32f401/tools/arm gcc/bin/../lib/gcc/arm-none-eabi/5.4.1/../../../../arm-none-eabi/lib/armv7e-m\libg_nano.a(lib_a-reent.o)
 .ARM.attributes
                0x00000000       0x2e c:/arm_stm32f401/tools/arm gcc/bin/../lib/gcc/arm-none-eabi/5.4.1/../../../../arm-none-eabi/lib/armv7e-m\libg_nano.a(lib_a-reent.o)
 COMMON         0x00000000        0x4 c:/arm_stm32f401/tools/arm gcc/bin/../lib/gcc/arm-none-eabi/5.4.1/../../../../arm-none-eabi/lib/armv7e-m\libg_nano.a(lib_a-reent.o)
 .text          0x00000000        0x0 c:/arm_stm32f401/tools/arm gcc/bin/../lib/gcc/arm-none-eabi/5.4.1/../../../../arm-none-eabi/lib/armv7e-m\libg_nano.a(lib_a-sbrkr.o)
 .data          0x00000000        0x0 c:/arm_stm32f401/tools/arm gcc/bin/../lib/gcc/arm-none-eabi/5.4.1/../../../../arm-none-eabi/lib/armv7e-m\libg_nano.a(lib_a-sbrkr.o)
 .bss           0x00000000        0x0 c:/arm_stm32f401/tools/arm gcc/bin/../lib/gcc/arm-none-eabi/5.4.1/../../../../arm-none-eabi/lib/armv7e-m\libg_nano.a(lib_a-sbrkr.o)
 .text._sbrk_r  0x00000000       0x20 c:/arm_stm32f401/tools/arm gcc/bin/../lib/gcc/arm-none-eabi/5.4.1/../../../../arm-none-eabi/lib/armv7e-m\libg_nano.a(lib_a-sbrkr.o)
 .debug_frame   0x00000000       0x2c c:/arm_stm32f401/tools/arm gcc/bin/../lib/gcc/arm-none-eabi/5.4.1/../../../../arm-none-eabi/lib/armv7e-m\libg_nano.a(lib_a-sbrkr.o)
 .ARM.attributes
                0x00000000       0x2e c:/arm_stm32f401/tools/arm gcc/bin/../lib/gcc/arm-none-eabi/5.4.1/../../../../arm-none-eabi/lib/armv7e-m\libg_nano.a(lib_a-sbrkr.o)
 .text          0x00000000        0x0 c:/arm_stm32f401/tools/arm gcc/bin/../lib/gcc/arm-none-eabi/5.4.1/../../../../arm-none-eabi/lib/armv7e-m\libg_nano.a(lib_a-mlock.o)
 .data          0x00000000        0x0 c:/arm_stm32f401/tools/arm gcc/bin/../lib/gcc/arm-none-eabi/5.4.1/../../../../arm-none-eabi/lib/armv7e-m\libg_nano.a(lib_a-mlock.o)
 .bss           0x00000000        0x0 c:/arm_stm32f401/tools/arm gcc/bin/../lib/gcc/arm-none-eabi/5.4.1/../../../../arm-none-eabi/lib/armv7e-m\libg_nano.a(lib_a-mlock.o)
 .text.__malloc_lock
                0x00000000        0x2 c:/arm_stm32f401/tools/arm gcc/bin/../lib/gcc/arm-none-eabi/5.4.1/../../../../arm-none-eabi/lib/armv7e-m\libg_nano.a(lib_a-mlock.o)
 .text.__malloc_unlock
                0x00000000        0x2 c:/arm_stm32f401/tools/arm gcc/bin/../lib/gcc/arm-none-eabi/5.4.1/../../../../arm-none-eabi/lib/armv7e-m\libg_nano.a(lib_a-mlock.o)
 .debug_frame   0x00000000       0x30 c:/arm_stm32f401/tools/arm gcc/bin/../lib/gcc/arm-none-eabi/5.4.1/../../../../arm-none-eabi/lib/armv7e-m\libg_nano.a(lib_a-mlock.o)
 .ARM.attributes
                0x00000000       0x2e c:/arm_stm32f401/tools/arm gcc/bin/../lib/gcc/arm-none-eabi/5.4.1/../../../../arm-none-eabi/lib/armv7e-m\libg_nano.a(lib_a-mlock.o)
 .text          0x00000000        0x0 c:/arm_stm32f401/tools/arm gcc/bin/../lib/gcc/arm-none-eabi/5.4.1/../../../../arm-none-eabi/lib/armv7e-m\libg_nano.a(lib_a-nano-freer.o)
 .data          0x00000000        0x0 c:/arm_stm32f401/tools/arm gcc/bin/../lib/gcc/arm-none-eabi/5.4.1/../../../../arm-none-eabi/lib/armv7e-m\libg_nano.a(lib_a-nano-freer.o)
 .bss           0x00000000        0x0 c:/arm_stm32f401/tools/arm gcc/bin/../lib/gcc/arm-none-eabi/5.4.1/../../../../arm-none-eabi/lib/armv7e-m\libg_nano.a(lib_a-nano-freer.o)
 .text._free_r  0x00000000       0x9c c:/arm_stm32f401/tools/arm gcc/bin/../lib/gcc/arm-none-eabi/5.4.1/../../../../arm-none-eabi/lib/armv7e-m\libg_nano.a(lib_a-nano-freer.o)
 .debug_frame   0x00000000       0x38 c:/arm_stm32f401/tools/arm gcc/bin/../lib/gcc/arm-none-eabi/5.4.1/../../../../arm-none-eabi/lib/armv7e-m\libg_nano.a(lib_a-nano-freer.o)
 .ARM.attributes
                0x00000000       0x2e c:/arm_stm32f401/tools/arm gcc/bin/../lib/gcc/arm-none-eabi/5.4.1/../../../../arm-none-eabi/lib/armv7e-m\libg_nano.a(lib_a-nano-freer.o)

Memory Configuration

Name             Origin             Length             Attributes
RAM              0x20000000         0x00008000         xrw
CCMRAM           0x10000000         0x00000000         xrw
FLASH            0x08000000         0x00100000         xr
FLASHB1          0x00000000         0x00000000         xr
EXTMEMB0         0x00000000         0x00000000         xr
EXTMEMB1         0x00000000         0x00000000         xr
EXTMEMB2         0x00000000         0x00000000         xr
EXTMEMB3         0x00000000         0x00000000         xr
*default*        0x00000000         0xffffffff

Linker script and memory map

LOAD ./src/MCAL/GPIO.o
LOAD ./src/MCAL/NVIC.o
LOAD ./src/MCAL/RCC.o
LOAD ./src/MCAL/main.o
LOAD ./src/HAL/LED.o
LOAD ./src/HAL/LED_CFG.o
LOAD ./src/HAL/SWITCH.o
LOAD ./src/HAL/SWITCH_CFG.o
LOAD c:/arm_stm32f401/tools/arm gcc/bin/../lib/gcc/arm-none-eabi/5.4.1/../../../../arm-none-eabi/lib/armv7e-m\libstdc++_nano.a
LOAD c:/arm_stm32f401/tools/arm gcc/bin/../lib/gcc/arm-none-eabi/5.4.1/../../../../arm-none-eabi/lib/armv7e-m\libm.a
START GROUP
LOAD c:/arm_stm32f401/tools/arm gcc/bin/../lib/gcc/arm-none-eabi/5.4.1/armv7e-m\libgcc.a
LOAD c:/arm_stm32f401/tools/arm gcc/bin/../lib/gcc/arm-none-eabi/5.4.1/../../../../arm-none-eabi/lib/armv7e-m\libg_nano.a
LOAD c:/arm_stm32f401/tools/arm gcc/bin/../lib/gcc/arm-none-eabi/5.4.1/../../../../arm-none-eabi/lib/armv7e-m\libc_nano.a
END GROUP
START GROUP
LOAD c:/arm_stm32f401/tools/arm gcc/bin/../lib/gcc/arm-none-eabi/5.4.1/armv7e-m\libgcc.a
LOAD c:/arm_stm32f401/tools/arm gcc/bin/../lib/gcc/arm-none-eabi/5.4.1/../../../../arm-none-eabi/lib/armv7e-m\libc_nano.a
END GROUP
                0x20008000                __stack = (ORIGIN (RAM) + LENGTH (RAM))
                0x20008000                _estack = __stack
                0x00000400                __Main_Stack_Size = 0x400
                [!provide]                PROVIDE (_Main_Stack_Size, __Main_Stack_Size)
                0x20007c00                __Main_Stack_Limit = (__stack - __Main_Stack_Size)
                [!provide]                PROVIDE (_Main_Stack_Limit, __Main_Stack_Limit)
                0x00000100                _Minimum_Stack_Size = 0x100
                [!provide]                PROVIDE (_Heap_Begin, _end_noinit)
                [!provide]                PROVIDE (_Heap_Limit, (__stack - __Main_Stack_Size))

.isr_vector     0x08000000        0x0
 FILL mask 0xff
                0x08000000                __vectors_start = ABSOLUTE (.)
                0x08000000                __vectors_start__ = ABSOLUTE (.)
 *(.isr_vector)
 *(.cfmconfig)
 *(.after_vectors .after_vectors.*)

.inits          0x08000000       0x28
                0x08000000                __data_regions_array_start = .
                0x08000000        0x4 LONG 0x8000028 LOADADDR (.data)
                0x08000004        0x4 LONG 0x20000000 ADDR (.data)
                0x08000008        0x4 LONG 0x20000000 (ADDR (.data) + SIZEOF (.data))
                0x0800000c        0x4 LONG 0x8000028 LOADADDR (.data_CCMRAM)
                0x08000010        0x4 LONG 0x10000000 ADDR (.data_CCMRAM)
                0x08000014        0x4 LONG 0x10000000 (ADDR (.data_CCMRAM) + SIZEOF (.data_CCMRAM))
                0x08000018                __data_regions_array_end = .
                0x08000018                __bss_regions_array_start = .
                0x08000018        0x4 LONG 0x20000000 ADDR (.bss)
                0x0800001c        0x4 LONG 0x20000000 (ADDR (.bss) + SIZEOF (.bss))
                0x08000020        0x4 LONG 0x10000000 ADDR (.bss_CCMRAM)
                0x08000024        0x4 LONG 0x10000000 (ADDR (.bss_CCMRAM) + SIZEOF (.bss_CCMRAM))
                0x08000028                __bss_regions_array_end = .
 *(.init)
 *(.fini)
                0x08000028                . = ALIGN (0x4)
                [!provide]                PROVIDE (__preinit_array_start, .)
 *(.preinit_array_sysinit .preinit_array_sysinit.*)
 *(.preinit_array_platform .preinit_array_platform.*)
 *(.preinit_array .preinit_array.*)
                [!provide]                PROVIDE (__preinit_array_end, .)
                0x08000028                . = ALIGN (0x4)
                [!provide]                PROVIDE (__init_array_start, .)
 *(SORT(.init_array.*))
 *(.init_array)
                [!provide]                PROVIDE (__init_array_end, .)
                0x08000028                . = ALIGN (0x4)
                [!provide]                PROVIDE (__fini_array_start, .)
 *(SORT(.fini_array.*))
 *(.fini_array)
                [!provide]                PROVIDE (__fini_array_end, .)

.flashtext
 *(.flashtext .flashtext.*)

.text           0x08000028        0x0
 *(.text .text.*)
 *(.rodata .rodata.* .constdata .constdata.*)
 *(vtable)
 *(.eh_frame*)
 *(.glue_7)
 .glue_7        0x08000028        0x0 linker stubs
 *(.glue_7t)
 .glue_7t       0x08000028        0x0 linker stubs

.vfp11_veneer   0x08000028        0x0
 .vfp11_veneer  0x08000028        0x0 linker stubs

.v4_bx          0x08000028        0x0
 .v4_bx         0x08000028        0x0 linker stubs

.iplt           0x08000028        0x0
 .iplt          0x08000028        0x0 ./src/MCAL/GPIO.o

.rel.dyn        0x08000028        0x0
 .rel.iplt      0x08000028        0x0 ./src/MCAL/GPIO.o

.ARM.extab
 *(.ARM.extab* .gnu.linkonce.armextab.*)
                0x08000028                . = ALIGN (0x4)
                0x08000028                __exidx_start = .

.ARM.exidx
 *(.ARM.exidx* .gnu.linkonce.armexidx.*)
                0x08000028                __exidx_end = .
                0x08000028                . = ALIGN (0x4)
                0x08000028                _etext = .
                0x08000028                __etext = .

.data_CCMRAM    0x10000000        0x0 load address 0x08000028
 FILL mask 0xff
 *(.data.CCMRAM .data.CCMRAM.*)
                0x10000000                . = ALIGN (0x4)
                0x08000028                _sidata = LOADADDR (.data)

.data           0x20000000        0x0 load address 0x08000028
 FILL mask 0xff
                0x20000000                _sdata = .
                0x20000000                __data_start__ = .
 *(.data_begin .data_begin.*)
 *(.data .data.*)
 *(.data_end .data_end.*)
                0x20000000                . = ALIGN (0x4)
                0x20000000                _edata = .
                0x20000000                __data_end__ = .

.igot.plt       0x20000000        0x0 load address 0x08000028
 .igot.plt      0x20000000        0x0 ./src/MCAL/GPIO.o

.bss_CCMRAM     0x10000000        0x0
 *(.bss.CCMRAM .bss.CCMRAM.*)

.bss            0x20000000        0x0
                0x20000000                __bss_start__ = .
                0x20000000                _sbss = .
 *(.bss_begin .bss_begin.*)
 *(.bss .bss.*)
 *(COMMON)
 *(.bss_end .bss_end.*)
                0x20000000                . = ALIGN (0x4)
                0x20000000                __bss_end__ = .
                0x20000000                _ebss = .

.noinit_CCMRAM
 *(.noinit.CCMRAM .noinit.CCMRAM.*)

.noinit         0x20000000        0x0
                0x20000000                _noinit = .
 *(.noinit .noinit.*)
                0x20000000                . = ALIGN (0x4)
                0x20000000                _end_noinit = .
                [!provide]                PROVIDE (end, _end_noinit)
                [!provide]                PROVIDE (_end, _end_noinit)
                [!provide]                PROVIDE (__end, _end_noinit)
                [!provide]                PROVIDE (__end__, _end_noinit)

._check_stack   0x20000000      0x100
                0x20000100                . = (. + _Minimum_Stack_Size)
 *fill*         0x20000000      0x100 

.b1text
 *(.b1text)
 *(.b1rodata)
 *(.b1rodata.*)

.eb0text
 *(.eb0text)
 *(.eb0rodata)
 *(.eb0rodata.*)

.eb1text
 *(.eb1text)
 *(.eb1rodata)
 *(.eb1rodata.*)

.eb2text
 *(.eb2text)
 *(.eb2rodata)
 *(.eb2rodata.*)

.eb3text
 *(.eb3text)
 *(.eb3rodata)
 *(.eb3rodata.*)

.stab
 *(.stab)

.stabstr
 *(.stabstr)

.stab.excl
 *(.stab.excl)

.stab.exclstr
 *(.stab.exclstr)

.stab.index
 *(.stab.index)

.stab.indexstr
 *(.stab.indexstr)

.comment
 *(.comment)

.debug
 *(.debug)

.line
 *(.line)

.debug_srcinfo
 *(.debug_srcinfo)

.debug_sfnames
 *(.debug_sfnames)

.debug_aranges
 *(.debug_aranges)

.debug_pubnames
 *(.debug_pubnames)

.debug_info
 *(.debug_info .gnu.linkonce.wi.*)

.debug_abbrev
 *(.debug_abbrev)

.debug_line
 *(.debug_line)

.debug_frame
 *(.debug_frame)

.debug_str
 *(.debug_str)

.debug_loc
 *(.debug_loc)

.debug_macinfo
 *(.debug_macinfo)

.debug_weaknames
 *(.debug_weaknames)

.debug_funcnames
 *(.debug_funcnames)

.debug_typenames
 *(.debug_typenames)

.debug_varnames
 *(.debug_varnames)
OUTPUT(stm32f401.elf elf32-littlearm)
